#-----------------------------------------------------------
# Vivado v2019.2 (64-bit)
# SW Build 2708876 on Wed Nov  6 21:40:23 MST 2019
# IP Build 2700528 on Thu Nov  7 00:09:20 MST 2019
# Start of session at: Sun Mar 12 19:40:59 2023
# Process ID: 3724
# Current directory: C:/Users/sahil/Desktop/updated SDLX/Group_13_assignment_2 - chaalija/Group_13_assignment_2 - refactored/Group_13_assignment_2 - Copy/DLX processor
# Command line: vivado.exe -gui_launcher_event rodinguilauncherevent12204 C:\Users\sahil\Desktop\updated SDLX\Group_13_assignment_2 - chaalija\Group_13_assignment_2 - refactored\Group_13_assignment_2 - Copy\DLX processor\DLX Processor.xpr
# Log file: C:/Users/sahil/Desktop/updated SDLX/Group_13_assignment_2 - chaalija/Group_13_assignment_2 - refactored/Group_13_assignment_2 - Copy/DLX processor/vivado.log
# Journal file: C:/Users/sahil/Desktop/updated SDLX/Group_13_assignment_2 - chaalija/Group_13_assignment_2 - refactored/Group_13_assignment_2 - Copy/DLX processor\vivado.jou
#-----------------------------------------------------------
start_gui
open_project {C:/Users/sahil/Desktop/updated SDLX/Group_13_assignment_2 - chaalija/Group_13_assignment_2 - refactored/Group_13_assignment_2 - Copy/DLX processor/DLX Processor.xpr}
update_compile_order -fileset sources_1
launch_simulation
open_wave_config {C:/Users/sahil/Desktop/updated SDLX/Group_13_assignment_2 - chaalija/Group_13_assignment_2 - refactored/Group_13_assignment_2 - Copy/DLX processor/testBenchForTopModule_behav.wcfg}
source testBenchForTopModule.tcl
close_sim
reset_run synth_1
launch_runs impl_1 -to_step write_bitstream -jobs 4
wait_on_run impl_1
